0 verbose cli /Users/prithukathet/.nvm/versions/node/v25.2.1/bin/node /Users/prithukathet/.nvm/versions/node/v25.2.1/bin/npm
1 info using npm@11.6.2
2 info using node@v25.2.1
3 silly config load:file:/Users/prithukathet/.nvm/versions/node/v25.2.1/lib/node_modules/npm/npmrc
4 silly config load:file:/Users/prithukathet/Desktop/Lewis_University/4thSem/disaster-relief-platform/frontend/.npmrc
5 silly config load:file:/Users/prithukathet/.npmrc
6 silly config load:file:/Users/prithukathet/.nvm/versions/node/v25.2.1/etc/npmrc
7 verbose title npm install
8 verbose argv "install" "--cache" "./.npm-cache-local"
9 verbose logfile logs-max:10 dir:/Users/prithukathet/Desktop/Lewis_University/4thSem/disaster-relief-platform/frontend/.npm-cache-local/_logs/2026-05-07T00_51_40_246Z-
10 verbose logfile /Users/prithukathet/Desktop/Lewis_University/4thSem/disaster-relief-platform/frontend/.npm-cache-local/_logs/2026-05-07T00_51_40_246Z-debug-0.log
11 silly logfile done cleaning log files
12 silly packumentCache heap:4496293888 maxSize:1124073472 maxEntrySize:562036736
13 silly idealTree buildDeps
14 silly reify moves {}
15 silly audit bulk request {
15 silly audit   '@babel/code-frame': [ '7.29.0' ],
15 silly audit   '@babel/compat-data': [ '7.29.0' ],
15 silly audit   '@babel/core': [ '7.29.0' ],
15 silly audit   '@babel/generator': [ '7.29.1' ],
15 silly audit   '@babel/helper-compilation-targets': [ '7.28.6' ],
15 silly audit   '@babel/helper-globals': [ '7.28.0' ],
15 silly audit   '@babel/helper-module-imports': [ '7.28.6' ],
15 silly audit   '@babel/helper-module-transforms': [ '7.28.6' ],
15 silly audit   '@babel/helper-plugin-utils': [ '7.28.6' ],
15 silly audit   '@babel/helper-string-parser': [ '7.27.1' ],
15 silly audit   '@babel/helper-validator-identifier': [ '7.28.5' ],
15 silly audit   '@babel/helper-validator-option': [ '7.27.1' ],
15 silly audit   '@babel/helpers': [ '7.28.6' ],
15 silly audit   '@babel/parser': [ '7.29.0' ],
15 silly audit   '@babel/plugin-transform-react-jsx-self': [ '7.27.1' ],
15 silly audit   '@babel/plugin-transform-react-jsx-source': [ '7.27.1' ],
15 silly audit   '@babel/runtime': [ '7.28.6' ],
15 silly audit   '@babel/template': [ '7.28.6' ],
15 silly audit   '@babel/traverse': [ '7.29.0' ],
15 silly audit   '@babel/types': [ '7.29.0' ],
15 silly audit   '@emotion/babel-plugin': [ '11.13.5' ],
15 silly audit   'convert-source-map': [ '1.9.0', '2.0.0' ],
15 silly audit   '@emotion/cache': [ '11.14.0' ],
15 silly audit   '@emotion/hash': [ '0.9.2' ],
15 silly audit   '@emotion/is-prop-valid': [ '1.4.0' ],
15 silly audit   '@emotion/memoize': [ '0.9.0' ],
15 silly audit   '@emotion/react': [ '11.14.0' ],
15 silly audit   '@emotion/serialize': [ '1.3.3' ],
15 silly audit   '@emotion/sheet': [ '1.4.0' ],
15 silly audit   '@emotion/styled': [ '11.14.1' ],
15 silly audit   '@emotion/unitless': [ '0.10.0' ],
15 silly audit   '@emotion/use-insertion-effect-with-fallbacks': [ '1.2.0' ],
15 silly audit   '@emotion/utils': [ '1.4.2' ],
15 silly audit   '@emotion/weak-memoize': [ '0.4.0' ],
15 silly audit   '@esbuild/aix-ppc64': [ '0.25.12', '0.27.3' ],
15 silly audit   '@esbuild/android-arm': [ '0.25.12', '0.27.3' ],
15 silly audit   '@esbuild/android-arm64': [ '0.25.12', '0.27.3' ],
15 silly audit   '@esbuild/android-x64': [ '0.25.12', '0.27.3' ],
15 silly audit   '@esbuild/darwin-arm64': [ '0.25.12', '0.27.3' ],
15 silly audit   '@esbuild/darwin-x64': [ '0.25.12', '0.27.3' ],
15 silly audit   '@esbuild/freebsd-arm64': [ '0.25.12', '0.27.3' ],
15 silly audit   '@esbuild/freebsd-x64': [ '0.25.12', '0.27.3' ],
15 silly audit   '@esbuild/linux-arm': [ '0.25.12', '0.27.3' ],
15 silly audit   '@esbuild/linux-arm64': [ '0.25.12', '0.27.3' ],
15 silly audit   '@esbuild/linux-ia32': [ '0.25.12', '0.27.3' ],
15 silly audit   '@esbuild/linux-loong64': [ '0.25.12', '0.27.3' ],
15 silly audit   '@esbuild/linux-mips64el': [ '0.25.12', '0.27.3' ],
15 silly audit   '@esbuild/linux-ppc64': [ '0.25.12', '0.27.3' ],
15 silly audit   '@esbuild/linux-riscv64': [ '0.25.12', '0.27.3' ],
15 silly audit   '@esbuild/linux-s390x': [ '0.25.12', '0.27.3' ],
15 silly audit   '@esbuild/linux-x64': [ '0.25.12', '0.27.3' ],
15 silly audit   '@esbuild/netbsd-arm64': [ '0.27.3', '0.25.12' ],
15 silly audit   '@esbuild/netbsd-x64': [ '0.25.12', '0.27.3' ],
15 silly audit   '@esbuild/openbsd-arm64': [ '0.27.3', '0.25.12' ],
15 silly audit   '@esbuild/openbsd-x64': [ '0.25.12', '0.27.3' ],
15 silly audit   '@esbuild/openharmony-arm64': [ '0.27.3', '0.25.12' ],
15 silly audit   '@esbuild/sunos-x64': [ '0.25.12', '0.27.3' ],
15 silly audit   '@esbuild/win32-arm64': [ '0.25.12', '0.27.3' ],
15 silly audit   '@esbuild/win32-ia32': [ '0.25.12', '0.27.3' ],
15 silly audit   '@esbuild/win32-x64': [ '0.25.12', '0.27.3' ],
15 silly audit   '@eslint-community/eslint-utils': [ '4.9.1' ],
15 silly audit   '@eslint-community/regexpp': [ '4.12.2' ],
15 silly audit   '@eslint/eslintrc': [ '2.1.4' ],
15 silly audit   'balanced-match': [ '1.0.2', '4.0.4' ],
15 silly audit   'brace-expansion': [ '1.1.12', '5.0.3' ],
15 silly audit   ignore: [ '5.3.2', '7.0.5' ],
15 silly audit   minimatch: [ '3.1.5', '10.2.4' ],
15 silly audit   '@eslint/js': [ '8.57.1' ],
15 silly audit   '@floating-ui/core': [ '1.7.4' ],
15 silly audit   '@floating-ui/dom': [ '1.7.5' ],
15 silly audit   '@floating-ui/react-dom': [ '2.1.7' ],
15 silly audit   '@floating-ui/utils': [ '0.2.10' ],
15 silly audit   '@humanwhocodes/config-array': [ '0.13.0' ],
15 silly audit   '@humanwhocodes/module-importer': [ '1.0.1' ],
15 silly audit   '@humanwhocodes/object-schema': [ '2.0.3' ],
15 silly audit   '@isaacs/fs-minipass': [ '4.0.1' ],
15 silly audit   '@jridgewell/gen-mapping': [ '0.3.13' ],
15 silly audit   '@jridgewell/remapping': [ '2.3.5' ],
15 silly audit   '@jridgewell/resolve-uri': [ '3.1.2' ],
15 silly audit   '@jridgewell/sourcemap-codec': [ '1.5.5' ],
15 silly audit   '@jridgewell/trace-mapping': [ '0.3.31' ],
15 silly audit   '@mui/core-downloads-tracker': [ '7.3.8' ],
15 silly audit   '@mui/icons-material': [ '7.3.5' ],
15 silly audit   '@mui/material': [ '7.3.5' ],
15 silly audit   '@mui/private-theming': [ '7.3.8' ],
15 silly audit   '@mui/styled-engine': [ '7.3.8' ],
15 silly audit   '@mui/system': [ '7.3.8' ],
15 silly audit   '@mui/types': [ '7.4.11' ],
15 silly audit   '@mui/utils': [ '7.3.8' ],
15 silly audit   '@nodelib/fs.scandir': [ '2.1.5' ],
15 silly audit   '@nodelib/fs.stat': [ '2.0.5' ],
15 silly audit   '@nodelib/fs.walk': [ '1.2.8' ],
15 silly audit   '@popperjs/core': [ '2.11.8' ],
15 silly audit   '@radix-ui/number': [ '1.1.0' ],
15 silly audit   '@radix-ui/primitive': [ '1.1.1' ],
15 silly audit   '@radix-ui/react-accordion': [ '1.2.3' ],
15 silly audit   '@radix-ui/react-alert-dialog': [ '1.1.6' ],
15 silly audit   '@radix-ui/react-arrow': [ '1.1.2' ],
15 silly audit   '@radix-ui/react-aspect-ratio': [ '1.1.2' ],
15 silly audit   '@radix-ui/react-avatar': [ '1.1.3' ],
15 silly audit   '@radix-ui/react-checkbox': [ '1.1.4' ],
15 silly audit   '@radix-ui/react-collapsible': [ '1.1.3' ],
15 silly audit   '@radix-ui/react-collection': [ '1.1.2' ],
15 silly audit   '@radix-ui/react-compose-refs': [ '1.1.1' ],
15 silly audit   '@radix-ui/react-context': [ '1.1.1' ],
15 silly audit   '@radix-ui/react-context-menu': [ '2.2.6' ],
15 silly audit   '@radix-ui/react-dialog': [ '1.1.6' ],
15 silly audit   '@radix-ui/react-direction': [ '1.1.0' ],
15 silly audit   '@radix-ui/react-dismissable-layer': [ '1.1.5' ],
15 silly audit   '@radix-ui/react-dropdown-menu': [ '2.1.6' ],
15 silly audit   '@radix-ui/react-focus-guards': [ '1.1.1' ],
15 silly audit   '@radix-ui/react-focus-scope': [ '1.1.2' ],
15 silly audit   '@radix-ui/react-hover-card': [ '1.1.6' ],
15 silly audit   '@radix-ui/react-id': [ '1.1.0' ],
15 silly audit   '@radix-ui/react-label': [ '2.1.2' ],
15 silly audit   '@radix-ui/react-menu': [ '2.1.6' ],
15 silly audit   '@radix-ui/react-menubar': [ '1.1.6' ],
15 silly audit   '@radix-ui/react-navigation-menu': [ '1.2.5' ],
15 silly audit   '@radix-ui/react-popover': [ '1.1.6' ],
15 silly audit   '@radix-ui/react-popper': [ '1.2.2' ],
15 silly audit   '@radix-ui/react-portal': [ '1.1.4' ],
15 silly audit   '@radix-ui/react-presence': [ '1.1.2' ],
15 silly audit   '@radix-ui/react-primitive': [ '2.0.2' ],
15 silly audit   '@radix-ui/react-progress': [ '1.1.2' ],
15 silly audit   '@radix-ui/react-radio-group': [ '1.2.3' ],
15 silly audit   '@radix-ui/react-roving-focus': [ '1.1.2' ],
15 silly audit   '@radix-ui/react-scroll-area': [ '1.2.3' ],
15 silly audit   '@radix-ui/react-select': [ '2.1.6' ],
15 silly audit   '@radix-ui/react-separator': [ '1.1.2' ],
15 silly audit   '@radix-ui/react-slider': [ '1.2.3' ],
15 silly audit   '@radix-ui/react-slot': [ '1.1.2' ],
15 silly audit   '@radix-ui/react-switch': [ '1.1.3' ],
15 silly audit   '@radix-ui/react-tabs': [ '1.1.3' ],
15 silly audit   '@radix-ui/react-toggle': [ '1.1.2' ],
15 silly audit   '@radix-ui/react-toggle-group': [ '1.1.2' ],
15 silly audit   '@radix-ui/react-tooltip': [ '1.1.8' ],
15 silly audit   '@radix-ui/react-use-callback-ref': [ '1.1.0' ],
15 silly audit   '@radix-ui/react-use-controllable-state': [ '1.1.0' ],
15 silly audit   '@radix-ui/react-use-escape-keydown': [ '1.1.0' ],
15 silly audit   '@radix-ui/react-use-layout-effect': [ '1.1.0' ],
15 silly audit   '@radix-ui/react-use-previous': [ '1.1.0' ],
15 silly audit   '@radix-ui/react-use-rect': [ '1.1.0' ],
15 silly audit   '@radix-ui/react-use-size': [ '1.1.0' ],
15 silly audit   '@radix-ui/react-visually-hidden': [ '1.1.2' ],
15 silly audit   '@radix-ui/rect': [ '1.1.0' ],
15 silly audit   '@react-dnd/asap': [ '5.0.2' ],
15 silly audit   '@react-dnd/invariant': [ '4.0.2' ],
15 silly audit   '@react-dnd/shallowequal': [ '4.0.2' ],
15 silly audit   '@rolldown/pluginutils': [ '1.0.0-beta.27' ],
15 silly audit   '@rollup/rollup-android-arm-eabi': [ '4.57.1' ],
15 silly audit   '@rollup/rollup-android-arm64': [ '4.57.1' ],
15 silly audit   '@rollup/rollup-darwin-arm64': [ '4.57.1' ],
15 silly audit   '@rollup/rollup-darwin-x64': [ '4.57.1' ],
15 silly audit   '@rollup/rollup-freebsd-arm64': [ '4.57.1' ],
15 silly audit   '@rollup/rollup-freebsd-x64': [ '4.57.1' ],
15 silly audit   '@rollup/rollup-linux-arm-gnueabihf': [ '4.57.1' ],
15 silly audit   '@rollup/rollup-linux-arm-musleabihf': [ '4.57.1' ],
15 silly audit   '@rollup/rollup-linux-arm64-gnu': [ '4.57.1' ],
15 silly audit   '@rollup/rollup-linux-arm64-musl': [ '4.57.1' ],
15 silly audit   '@rollup/rollup-linux-loong64-gnu': [ '4.57.1' ],
15 silly audit   '@rollup/rollup-linux-loong64-musl': [ '4.57.1' ],
15 silly audit   '@rollup/rollup-linux-ppc64-gnu': [ '4.57.1' ],
15 silly audit   '@rollup/rollup-linux-ppc64-musl': [ '4.57.1' ],
15 silly audit   '@rollup/rollup-linux-riscv64-gnu': [ '4.57.1' ],
15 silly audit   '@rollup/rollup-linux-riscv64-musl': [ '4.57.1' ],
15 silly audit   '@rollup/rollup-linux-s390x-gnu': [ '4.57.1' ],
15 silly audit   '@rollup/rollup-linux-x64-gnu': [ '4.57.1' ],
15 silly audit   '@rollup/rollup-linux-x64-musl': [ '4.57.1' ],
15 silly audit   '@rollup/rollup-openbsd-x64': [ '4.57.1' ],
15 silly audit   '@rollup/rollup-openharmony-arm64': [ '4.57.1' ],
15 silly audit   '@rollup/rollup-win32-arm64-msvc': [ '4.57.1' ],
15 silly audit   '@rollup/rollup-win32-ia32-msvc': [ '4.57.1' ],
15 silly audit   '@rollup/rollup-win32-x64-gnu': [ '4.57.1' ],
15 silly audit   '@rollup/rollup-win32-x64-msvc': [ '4.57.1' ],
15 silly audit   '@standard-schema/spec': [ '1.1.0' ],
15 silly audit   '@tailwindcss/node': [ '4.1.12' ],
15 silly audit   '@tailwindcss/oxide': [ '4.1.12' ],
15 silly audit   '@tailwindcss/oxide-android-arm64': [ '4.1.12' ],
15 silly audit   '@tailwindcss/oxide-darwin-arm64': [ '4.1.12' ],
15 silly audit   '@tailwindcss/oxide-darwin-x64': [ '4.1.12' ],
15 silly audit   '@tailwindcss/oxide-freebsd-x64': [ '4.1.12' ],
15 silly audit   '@tailwindcss/oxide-linux-arm-gnueabihf': [ '4.1.12' ],
15 silly audit   '@tailwindcss/oxide-linux-arm64-gnu': [ '4.1.12' ],
15 silly audit   '@tailwindcss/oxide-linux-arm64-musl': [ '4.1.12' ],
15 silly audit   '@tailwindcss/oxide-linux-x64-gnu': [ '4.1.12' ],
15 silly audit   '@tailwindcss/oxide-linux-x64-musl': [ '4.1.12' ],
15 silly audit   '@tailwindcss/oxide-wasm32-wasi': [ '4.1.12' ],
15 silly audit   '@tailwindcss/oxide-win32-arm64-msvc': [ '4.1.12' ],
15 silly audit   '@tailwindcss/oxide-win32-x64-msvc': [ '4.1.12' ],
15 silly audit   '@tailwindcss/vite': [ '4.1.12' ],
15 silly audit   '@types/babel__core': [ '7.20.5' ],
15 silly audit   '@types/babel__generator': [ '7.27.0' ],
15 silly audit   '@types/babel__template': [ '7.4.4' ],
15 silly audit   '@types/babel__traverse': [ '7.28.0' ],
15 silly audit   '@types/chai': [ '5.2.3' ],
15 silly audit   '@types/d3-array': [ '3.2.2' ],
15 silly audit   '@types/d3-color': [ '3.1.3' ],
15 silly audit   '@types/d3-ease': [ '3.0.2' ],
15 silly audit   '@types/d3-interpolate': [ '3.0.4' ],
15 silly audit   '@types/d3-path': [ '3.1.1' ],
15 silly audit   '@types/d3-scale': [ '4.0.9' ],
15 silly audit   '@types/d3-shape': [ '3.1.8' ],
15 silly audit   '@types/d3-time': [ '3.0.4' ],
15 silly audit   '@types/d3-timer': [ '3.0.2' ],
15 silly audit   '@types/deep-eql': [ '4.0.2' ],
15 silly audit   '@types/estree': [ '1.0.8' ],
15 silly audit   '@types/parse-json': [ '4.0.2' ],
15 silly audit   '@types/prop-types': [ '15.7.15' ],
15 silly audit   '@types/react': [ '18.3.28' ],
15 silly audit   '@types/react-dom': [ '18.3.7' ],
15 silly audit   '@types/react-transition-group': [ '4.4.12' ],
15 silly audit   '@typescript-eslint/eslint-plugin': [ '8.56.1' ],
15 silly audit   '@typescript-eslint/parser': [ '8.56.1' ],
15 silly audit   '@typescript-eslint/project-service': [ '8.56.1' ],
15 silly audit   '@typescript-eslint/scope-manager': [ '8.56.1' ],
15 silly audit   '@typescript-eslint/tsconfig-utils': [ '8.56.1' ],
15 silly audit   '@typescript-eslint/type-utils': [ '8.56.1' ],
15 silly audit   '@typescript-eslint/types': [ '8.56.1' ],
15 silly audit   '@typescript-eslint/typescript-estree': [ '8.56.1' ],
15 silly audit   semver: [ '7.7.4', '6.3.1' ],
15 silly audit   '@typescript-eslint/utils': [ '8.56.1' ],
15 silly audit   '@typescript-eslint/visitor-keys': [ '8.56.1' ],
15 silly audit   'eslint-visitor-keys': [ '5.0.1', '3.4.3' ],
15 silly audit   '@ungap/structured-clone': [ '1.3.0' ],
15 silly audit   '@vitejs/plugin-react': [ '4.7.0' ],
15 silly audit   '@vitest/expect': [ '4.0.18' ],
15 silly audit   '@vitest/pretty-format': [ '4.0.18' ],
15 silly audit   '@vitest/runner': [ '4.0.18' ],
15 silly audit   '@vitest/snapshot': [ '4.0.18' ],
15 silly audit   '@vitest/spy': [ '4.0.18' ],
15 silly audit   '@vitest/utils': [ '4.0.18' ],
15 silly audit   acorn: [ '8.16.0' ],
15 silly audit   'acorn-jsx': [ '5.3.2' ],
15 silly audit   ajv: [ '6.14.0' ],
15 silly audit   'ansi-regex': [ '5.0.1' ],
15 silly audit   'ansi-styles': [ '4.3.0' ],
15 silly audit   argparse: [ '2.0.1' ],
15 silly audit   'aria-hidden': [ '1.2.6' ],
15 silly audit   'array-buffer-byte-length': [ '1.0.2' ],
15 silly audit   'array-includes': [ '3.1.9' ],
15 silly audit   'array.prototype.findlast': [ '1.2.5' ],
15 silly audit   'array.prototype.flat': [ '1.3.3' ],
15 silly audit   'array.prototype.flatmap': [ '1.3.3' ],
15 silly audit   'array.prototype.tosorted': [ '1.1.4' ],
15 silly audit   'arraybuffer.prototype.slice': [ '1.0.4' ],
15 silly audit   'assertion-error': [ '2.0.1' ],
15 silly audit   'async-function': [ '1.0.0' ],
15 silly audit   'available-typed-arrays': [ '1.0.7' ],
15 silly audit   'babel-plugin-macros': [ '3.1.0' ],
15 silly audit   'baseline-browser-mapping': [ '2.9.19' ],
15 silly audit   browserslist: [ '4.28.1' ],
15 silly audit   'call-bind': [ '1.0.8' ],
15 silly audit   'call-bind-apply-helpers': [ '1.0.2' ],
15 silly audit   'call-bound': [ '1.0.4' ],
15 silly audit   callsites: [ '3.1.0' ],
15 silly audit   'caniuse-lite': [ '1.0.30001770' ],
15 silly audit   chai: [ '6.2.2' ],
15 silly audit   chalk: [ '4.1.2' ],
15 silly audit   chownr: [ '3.0.0' ],
15 silly audit   'class-variance-authority': [ '0.7.1' ],
15 silly audit   classnames: [ '2.5.1' ],
15 silly audit   clsx: [ '2.1.1' ],
15 silly audit   cmdk: [ '1.1.1' ],
15 silly audit   'color-convert': [ '2.0.1' ],
15 silly audit   'color-name': [ '1.1.4' ],
15 silly audit   'concat-map': [ '0.0.1' ],
15 silly audit   cookie: [ '1.1.1' ],
15 silly audit   cosmiconfig: [ '7.1.0' ],
15 silly audit   yaml: [ '1.10.2' ],
15 silly audit   'cross-spawn': [ '7.0.6' ],
15 silly audit   csstype: [ '3.2.3' ],
15 silly audit   'd3-array': [ '3.2.4' ],
15 silly audit   'd3-color': [ '3.1.0' ],
15 silly audit   'd3-ease': [ '3.0.1' ],
15 silly audit   'd3-format': [ '3.1.2' ],
15 silly audit   'd3-interpolate': [ '3.0.1' ],
15 silly audit   'd3-path': [ '3.1.0' ],
15 silly audit   'd3-scale': [ '4.0.2' ],
15 silly audit   'd3-shape': [ '3.2.0' ],
15 silly audit   'd3-time': [ '3.1.0' ],
15 silly audit   'd3-time-format': [ '4.1.0' ],
15 silly audit   'd3-timer': [ '3.0.1' ],
15 silly audit   'data-view-buffer': [ '1.0.2' ],
15 silly audit   'data-view-byte-length': [ '1.0.2' ],
15 silly audit   'data-view-byte-offset': [ '1.0.1' ],
15 silly audit   'date-fns': [ '3.6.0' ],
15 silly audit   debug: [ '4.4.3' ],
15 silly audit   'decimal.js-light': [ '2.5.1' ],
15 silly audit   'deep-is': [ '0.1.4' ],
15 silly audit   'define-data-property': [ '1.1.4' ],
15 silly audit   'define-properties': [ '1.2.1' ],
15 silly audit   'detect-libc': [ '2.1.2' ],
15 silly audit   'detect-node-es': [ '1.1.0' ],
15 silly audit   'dnd-core': [ '16.0.1' ],
15 silly audit   doctrine: [ '2.1.0', '3.0.0' ],
15 silly audit   'dom-helpers': [ '5.2.1' ],
15 silly audit   'dunder-proto': [ '1.0.1' ],
15 silly audit   'electron-to-chromium': [ '1.5.286' ],
15 silly audit   'embla-carousel': [ '8.6.0' ],
15 silly audit   'embla-carousel-react': [ '8.6.0' ],
15 silly audit   'embla-carousel-reactive-utils': [ '8.6.0' ],
15 silly audit   'enhanced-resolve': [ '5.19.0' ],
15 silly audit   'error-ex': [ '1.3.4' ],
15 silly audit   'es-abstract': [ '1.24.1' ],
15 silly audit   'es-define-property': [ '1.0.1' ],
15 silly audit   'es-errors': [ '1.3.0' ],
15 silly audit   'es-iterator-helpers': [ '1.2.2' ],
15 silly audit   'es-module-lexer': [ '1.7.0' ],
15 silly audit   'es-object-atoms': [ '1.1.1' ],
15 silly audit   'es-set-tostringtag': [ '2.1.0' ],
15 silly audit   'es-shim-unscopables': [ '1.1.0' ],
15 silly audit   'es-to-primitive': [ '1.3.0' ],
15 silly audit   esbuild: [ '0.25.12', '0.27.3' ],
15 silly audit   escalade: [ '3.2.0' ],
15 silly audit   'escape-string-regexp': [ '4.0.0' ],
15 silly audit   eslint: [ '8.57.1' ],
15 silly audit   'eslint-plugin-react': [ '7.37.5' ],
15 silly audit   'eslint-plugin-react-hooks': [ '7.0.1' ],
15 silly audit   resolve: [ '2.0.0-next.6', '1.22.11' ],
15 silly audit   'eslint-scope': [ '7.2.2' ],
15 silly audit   espree: [ '9.6.1' ],
15 silly audit   esquery: [ '1.7.0' ],
15 silly audit   esrecurse: [ '4.3.0' ],
15 silly audit   estraverse: [ '5.3.0' ],
15 silly audit   'estree-walker': [ '3.0.3' ],
15 silly audit   esutils: [ '2.0.3' ],
15 silly audit   eventemitter3: [ '4.0.7' ],
15 silly audit   'expect-type': [ '1.3.0' ],
15 silly audit   'fast-deep-equal': [ '3.1.3' ],
15 silly audit   'fast-equals': [ '5.4.0' ],
15 silly audit   'fast-json-stable-stringify': [ '2.1.0' ],
15 silly audit   'fast-levenshtein': [ '2.0.6' ],
15 silly audit   fastq: [ '1.20.1' ],
15 silly audit   fdir: [ '6.5.0' ],
15 silly audit   'file-entry-cache': [ '6.0.1' ],
15 silly audit   'find-root': [ '1.1.0' ],
15 silly audit   'find-up': [ '5.0.0' ],
15 silly audit   'flat-cache': [ '3.2.0' ],
15 silly audit   flatted: [ '3.3.3' ],
15 silly audit   'for-each': [ '0.3.5' ],
15 silly audit   'framer-motion': [ '12.34.3' ],
15 silly audit   'fs.realpath': [ '1.0.0' ],
15 silly audit   fsevents: [ '2.3.3' ],
15 silly audit   'function-bind': [ '1.1.2' ],
15 silly audit   'function.prototype.name': [ '1.1.8' ],
15 silly audit   'functions-have-names': [ '1.2.3' ],
15 silly audit   'generator-function': [ '2.0.1' ],
15 silly audit   gensync: [ '1.0.0-beta.2' ],
15 silly audit   'get-intrinsic': [ '1.3.0' ],
15 silly audit   'get-nonce': [ '1.0.1' ],
15 silly audit   'get-proto': [ '1.0.1' ],
15 silly audit   'get-symbol-description': [ '1.1.0' ],
15 silly audit   glob: [ '7.2.3' ],
15 silly audit   'glob-parent': [ '6.0.2' ],
15 silly audit   globals: [ '13.24.0' ],
15 silly audit   globalthis: [ '1.0.4' ],
15 silly audit   gopd: [ '1.2.0' ],
15 silly audit   'graceful-fs': [ '4.2.11' ],
15 silly audit   graphemer: [ '1.4.0' ],
15 silly audit   'has-bigints': [ '1.1.0' ],
15 silly audit   'has-flag': [ '4.0.0' ],
15 silly audit   'has-property-descriptors': [ '1.0.2' ],
15 silly audit   'has-proto': [ '1.2.0' ],
15 silly audit   'has-symbols': [ '1.1.0' ],
15 silly audit   'has-tostringtag': [ '1.0.2' ],
15 silly audit   hasown: [ '2.0.2' ],
15 silly audit   'hermes-estree': [ '0.25.1' ],
15 silly audit   'hermes-parser': [ '0.25.1' ],
15 silly audit   'hoist-non-react-statics': [ '3.3.2' ],
15 silly audit   'react-is': [ '16.13.1', '19.2.4', '18.3.1' ],
15 silly audit   'import-fresh': [ '3.3.1' ],
15 silly audit   imurmurhash: [ '0.1.4' ],
15 silly audit   inflight: [ '1.0.6' ],
15 silly audit   inherits: [ '2.0.4' ],
15 silly audit   'input-otp': [ '1.4.2' ],
15 silly audit   'internal-slot': [ '1.1.0' ],
15 silly audit   internmap: [ '2.0.3' ],
15 silly audit   'is-array-buffer': [ '3.0.5' ],
15 silly audit   'is-arrayish': [ '0.2.1' ],
15 silly audit   'is-async-function': [ '2.1.1' ],
15 silly audit   'is-bigint': [ '1.1.0' ],
15 silly audit   'is-boolean-object': [ '1.2.2' ],
15 silly audit   'is-callable': [ '1.2.7' ],
15 silly audit   'is-core-module': [ '2.16.1' ],
15 silly audit   'is-data-view': [ '1.0.2' ],
15 silly audit   'is-date-object': [ '1.1.0' ],
15 silly audit   'is-extglob': [ '2.1.1' ],
15 silly audit   'is-finalizationregistry': [ '1.1.1' ],
15 silly audit   'is-generator-function': [ '1.1.2' ],
15 silly audit   'is-glob': [ '4.0.3' ],
15 silly audit   'is-map': [ '2.0.3' ],
15 silly audit   'is-negative-zero': [ '2.0.3' ],
15 silly audit   'is-number-object': [ '1.1.1' ],
15 silly audit   'is-path-inside': [ '3.0.3' ],
15 silly audit   'is-regex': [ '1.2.1' ],
15 silly audit   'is-set': [ '2.0.3' ],
15 silly audit   'is-shared-array-buffer': [ '1.0.4' ],
15 silly audit   'is-string': [ '1.1.1' ],
15 silly audit   'is-symbol': [ '1.1.1' ],
15 silly audit   'is-typed-array': [ '1.1.15' ],
15 silly audit   'is-weakmap': [ '2.0.2' ],
15 silly audit   'is-weakref': [ '1.1.1' ],
15 silly audit   'is-weakset': [ '2.0.4' ],
15 silly audit   isarray: [ '2.0.5' ],
15 silly audit   isexe: [ '2.0.0' ],
15 silly audit   'iterator.prototype': [ '1.1.5' ],
15 silly audit   jiti: [ '2.6.1' ],
15 silly audit   'js-tokens': [ '4.0.0' ],
15 silly audit   'js-yaml': [ '4.1.1' ],
15 silly audit   jsesc: [ '3.1.0' ],
15 silly audit   'json-buffer': [ '3.0.1' ],
15 silly audit   'json-parse-even-better-errors': [ '2.3.1' ],
15 silly audit   'json-schema-traverse': [ '0.4.1' ],
15 silly audit   'json-stable-stringify-without-jsonify': [ '1.0.1' ],
15 silly audit   json2mq: [ '0.2.0' ],
15 silly audit   json5: [ '2.2.3' ],
15 silly audit   'jsx-ast-utils': [ '3.3.5' ],
15 silly audit   keyv: [ '4.5.4' ],
15 silly audit   levn: [ '0.4.1' ],
15 silly audit   lightningcss: [ '1.30.1' ],
15 silly audit   'lightningcss-darwin-arm64': [ '1.30.1' ],
15 silly audit   'lightningcss-darwin-x64': [ '1.30.1' ],
15 silly audit   'lightningcss-freebsd-x64': [ '1.30.1' ],
15 silly audit   'lightningcss-linux-arm-gnueabihf': [ '1.30.1' ],
15 silly audit   'lightningcss-linux-arm64-gnu': [ '1.30.1' ],
15 silly audit   'lightningcss-linux-arm64-musl': [ '1.30.1' ],
15 silly audit   'lightningcss-linux-x64-gnu': [ '1.30.1' ],
15 silly audit   'lightningcss-linux-x64-musl': [ '1.30.1' ],
15 silly audit   'lightningcss-win32-arm64-msvc': [ '1.30.1' ],
15 silly audit   'lightningcss-win32-x64-msvc': [ '1.30.1' ],
15 silly audit   'lines-and-columns': [ '1.2.4' ],
15 silly audit   'locate-path': [ '6.0.0' ],
15 silly audit   lodash: [ '4.17.23' ],
15 silly audit   'lodash.debounce': [ '4.0.8' ],
15 silly audit   'lodash.merge': [ '4.6.2' ],
15 silly audit   'loose-envify': [ '1.4.0' ],
15 silly audit   'lru-cache': [ '5.1.1' ],
15 silly audit   'lucide-react': [ '0.487.0' ],
15 silly audit   'magic-string': [ '0.30.21' ],
15 silly audit   'math-intrinsics': [ '1.1.0' ],
15 silly audit   minipass: [ '7.1.3' ],
15 silly audit   minizlib: [ '3.1.0' ],
15 silly audit   motion: [ '12.23.24' ],
15 silly audit   'motion-dom': [ '12.34.3' ],
15 silly audit   'motion-utils': [ '12.29.2' ],
15 silly audit   ms: [ '2.1.3' ],
15 silly audit   nanoid: [ '3.3.11' ],
15 silly audit   'natural-compare': [ '1.4.0' ],
15 silly audit   'next-themes': [ '0.4.6' ],
15 silly audit   'node-exports-info': [ '1.6.0' ],
15 silly audit   'node-releases': [ '2.0.27' ],
15 silly audit   'object-assign': [ '4.1.1' ],
15 silly audit   'object-inspect': [ '1.13.4' ],
15 silly audit   'object-keys': [ '1.1.1' ],
15 silly audit   'object.assign': [ '4.1.7' ],
15 silly audit   'object.entries': [ '1.1.9' ],
15 silly audit   'object.fromentries': [ '2.0.8' ],
15 silly audit   'object.values': [ '1.2.1' ],
15 silly audit   obug: [ '2.1.1' ],
15 silly audit   once: [ '1.4.0' ],
15 silly audit   optionator: [ '0.9.4' ],
15 silly audit   'own-keys': [ '1.0.1' ],
15 silly audit   'p-limit': [ '3.1.0' ],
15 silly audit   'p-locate': [ '5.0.0' ],
15 silly audit   'parent-module': [ '1.0.1' ],
15 silly audit   'parse-json': [ '5.2.0' ],
15 silly audit   'path-exists': [ '4.0.0' ],
15 silly audit   'path-is-absolute': [ '1.0.1' ],
15 silly audit   'path-key': [ '3.1.1' ],
15 silly audit   'path-parse': [ '1.0.7' ],
15 silly audit   'path-type': [ '4.0.0' ],
15 silly audit   pathe: [ '2.0.3' ],
15 silly audit   picocolors: [ '1.1.1' ],
15 silly audit   picomatch: [ '4.0.3' ],
15 silly audit   'possible-typed-array-names': [ '1.1.0' ],
15 silly audit   postcss: [ '8.5.6' ],
15 silly audit   'prelude-ls': [ '1.2.1' ],
15 silly audit   prettier: [ '3.8.1' ],
15 silly audit   'prop-types': [ '15.8.1' ],
15 silly audit   punycode: [ '2.3.1' ],
15 silly audit   'queue-microtask': [ '1.2.3' ],
15 silly audit   react: [ '18.3.1' ],
15 silly audit   'react-day-picker': [ '8.10.1' ],
15 silly audit   'react-dnd': [ '16.0.1' ],
15 silly audit   'react-dnd-html5-backend': [ '16.0.1' ],
15 silly audit   'react-dom': [ '18.3.1' ],
15 silly audit   'react-fast-compare': [ '3.2.2' ],
15 silly audit   'react-hook-form': [ '7.55.0' ],
15 silly audit   'react-icons': [ '5.5.0' ],
15 silly audit   'react-popper': [ '2.3.0' ],
15 silly audit   'react-refresh': [ '0.17.0' ],
15 silly audit   'react-remove-scroll': [ '2.7.2' ],
15 silly audit   'react-remove-scroll-bar': [ '2.3.8' ],
15 silly audit   'react-resizable-panels': [ '2.1.7' ],
15 silly audit   'react-responsive-masonry': [ '2.7.1' ],
15 silly audit   'react-router': [ '7.13.0' ],
15 silly audit   'react-router-dom': [ '7.13.0' ],
15 silly audit   'react-slick': [ '0.31.0' ],
15 silly audit   'react-smooth': [ '4.0.4' ],
15 silly audit   'react-style-singleton': [ '2.2.3' ],
15 silly audit   'react-transition-group': [ '4.4.5' ],
15 silly audit   recharts: [ '2.15.2' ],
15 silly audit   'recharts-scale': [ '0.4.5' ],
15 silly audit   redux: [ '4.2.1' ],
15 silly audit   'reflect.getprototypeof': [ '1.0.10' ],
15 silly audit   'regexp.prototype.flags': [ '1.5.4' ],
15 silly audit   'resize-observer-polyfill': [ '1.5.1' ],
15 silly audit   'resolve-from': [ '4.0.0' ],
15 silly audit   reusify: [ '1.1.0' ],
15 silly audit   rimraf: [ '3.0.2' ],
15 silly audit   rollup: [ '4.57.1' ],
15 silly audit   'run-parallel': [ '1.2.0' ],
15 silly audit   'safe-array-concat': [ '1.1.3' ],
15 silly audit   'safe-push-apply': [ '1.0.0' ],
15 silly audit   'safe-regex-test': [ '1.1.0' ],
15 silly audit   scheduler: [ '0.23.2' ],
15 silly audit   'set-cookie-parser': [ '2.7.2' ],
15 silly audit   'set-function-length': [ '1.2.2' ],
15 silly audit   'set-function-name': [ '2.0.2' ],
15 silly audit   'set-proto': [ '1.0.0' ],
15 silly audit   'shebang-command': [ '2.0.0' ],
15 silly audit   'shebang-regex': [ '3.0.0' ],
15 silly audit   'side-channel': [ '1.1.0' ],
15 silly audit   'side-channel-list': [ '1.0.0' ],
15 silly audit   'side-channel-map': [ '1.0.1' ],
15 silly audit   'side-channel-weakmap': [ '1.0.2' ],
15 silly audit   siginfo: [ '2.0.0' ],
15 silly audit   sonner: [ '2.0.3' ],
15 silly audit   'source-map': [ '0.5.7' ],
15 silly audit   'source-map-js': [ '1.2.1' ],
15 silly audit   stackback: [ '0.0.2' ],
15 silly audit   'std-env': [ '3.10.0' ],
15 silly audit   'stop-iteration-iterator': [ '1.1.0' ],
15 silly audit   'string-convert': [ '0.2.1' ],
15 silly audit   'string.prototype.matchall': [ '4.0.12' ],
15 silly audit   'string.prototype.repeat': [ '1.0.0' ],
15 silly audit   'string.prototype.trim': [ '1.2.10' ],
15 silly audit   'string.prototype.trimend': [ '1.0.9' ],
15 silly audit   'string.prototype.trimstart': [ '1.0.8' ],
15 silly audit   'strip-ansi': [ '6.0.1' ],
15 silly audit   'strip-json-comments': [ '3.1.1' ],
15 silly audit   stylis: [ '4.2.0' ],
15 silly audit   'supports-color': [ '7.2.0' ],
15 silly audit   'supports-preserve-symlinks-flag': [ '1.0.0' ],
15 silly audit   'tailwind-merge': [ '3.2.0' ],
15 silly audit   tailwindcss: [ '4.1.12' ],
15 silly audit   tapable: [ '2.3.0' ],
15 silly audit   tar: [ '7.5.9' ],
15 silly audit   yallist: [ '5.0.0', '3.1.1' ],
15 silly audit   'text-table': [ '0.2.0' ],
15 silly audit   'tiny-invariant': [ '1.3.3' ],
15 silly audit   tinybench: [ '2.9.0' ],
15 silly audit   tinyexec: [ '1.0.2' ],
15 silly audit   tinyglobby: [ '0.2.15' ],
15 silly audit   tinyrainbow: [ '3.0.3' ],
15 silly audit   'ts-api-utils': [ '2.4.0' ],
15 silly audit   tslib: [ '2.8.1' ],
15 silly audit   'tw-animate-css': [ '1.3.8' ],
15 silly audit   'type-check': [ '0.4.0' ],
15 silly audit   'type-fest': [ '0.20.2' ],
15 silly audit   'typed-array-buffer': [ '1.0.3' ],
15 silly audit   'typed-array-byte-length': [ '1.0.3' ],
15 silly audit   'typed-array-byte-offset': [ '1.0.4' ],
15 silly audit   'typed-array-length': [ '1.0.7' ],
15 silly audit   typescript: [ '5.9.3' ],
15 silly audit   'unbox-primitive': [ '1.1.0' ],
15 silly audit   'update-browserslist-db': [ '1.2.3' ],
15 silly audit   'uri-js': [ '4.4.1' ],
15 silly audit   'use-callback-ref': [ '1.3.3' ],
15 silly audit   'use-sidecar': [ '1.1.3' ],
15 silly audit   vaul: [ '1.1.2' ],
15 silly audit   'victory-vendor': [ '36.9.2' ],
15 silly audit   vite: [ '6.3.5', '7.3.1' ],
15 silly audit   vitest: [ '4.0.18' ],
15 silly audit   '@vitest/mocker': [ '4.0.18' ],
15 silly audit   warning: [ '4.0.3' ],
15 silly audit   which: [ '2.0.2' ],
15 silly audit   'which-boxed-primitive': [ '1.1.1' ],
15 silly audit   'which-builtin-type': [ '1.2.1' ],
15 silly audit   'which-collection': [ '1.0.2' ],
15 silly audit   'which-typed-array': [ '1.1.20' ],
15 silly audit   'why-is-node-running': [ '2.3.0' ],
15 silly audit   'word-wrap': [ '1.2.5' ],
15 silly audit   wrappy: [ '1.0.2' ],
15 silly audit   'yocto-queue': [ '0.1.0' ],
15 silly audit   zod: [ '4.3.6' ],
15 silly audit   'zod-validation-error': [ '4.0.2' ]
15 silly audit }
16 http fetch POST 200 https://registry.npmjs.org/-/npm/v1/security/advisories/bulk 289ms
17 silly audit report {
17 silly audit report   'brace-expansion': [
17 silly audit report     {
17 silly audit report       id: 1115540,
17 silly audit report       url: 'https://github.com/advisories/GHSA-f886-m6hf-6m8v',
17 silly audit report       title: 'brace-expansion: Zero-step sequence causes process hang and memory exhaustion',
17 silly audit report       severity: 'moderate',
17 silly audit report       vulnerable_versions: '<1.1.13',
17 silly audit report       cwe: [Array],
17 silly audit report       cvss: [Object]
17 silly audit report     },
17 silly audit report     {
17 silly audit report       id: 1115543,
17 silly audit report       url: 'https://github.com/advisories/GHSA-f886-m6hf-6m8v',
17 silly audit report       title: 'brace-expansion: Zero-step sequence causes process hang and memory exhaustion',
17 silly audit report       severity: 'moderate',
17 silly audit report       vulnerable_versions: '>=4.0.0 <5.0.5',
17 silly audit report       cwe: [Array],
17 silly audit report       cvss: [Object]
17 silly audit report     }
17 silly audit report   ],
17 silly audit report   yaml: [
17 silly audit report     {
17 silly audit report       id: 1115555,
17 silly audit report       url: 'https://github.com/advisories/GHSA-48c2-rrv3-qjmp',
17 silly audit report       title: 'yaml is vulnerable to Stack Overflow via deeply nested YAML collections',
17 silly audit report       severity: 'moderate',
17 silly audit report       vulnerable_versions: '>=1.0.0 <1.10.3',
17 silly audit report       cwe: [Array],
17 silly audit report       cvss: [Object]
17 silly audit report     }
17 silly audit report   ],
17 silly audit report   flatted: [
17 silly audit report     {
17 silly audit report       id: 1114526,
17 silly audit report       url: 'https://github.com/advisories/GHSA-25h7-pfq9-p65f',
17 silly audit report       title: 'flatted vulnerable to unbounded recursion DoS in parse() revive phase',
17 silly audit report       severity: 'high',
17 silly audit report       vulnerable_versions: '<3.4.0',
17 silly audit report       cwe: [Array],
17 silly audit report       cvss: [Object]
17 silly audit report     },
17 silly audit report     {
17 silly audit report       id: 1115357,
17 silly audit report       url: 'https://github.com/advisories/GHSA-rf6f-7fwh-wjgh',
17 silly audit report       title: 'Prototype Pollution via parse() in NodeJS flatted',
17 silly audit report       severity: 'high',
17 silly audit report       vulnerable_versions: '<=3.4.1',
17 silly audit report       cwe: [Array],
17 silly audit report       cvss: [Object]
17 silly audit report     }
17 silly audit report   ],
17 silly audit report   lodash: [
17 silly audit report     {
17 silly audit report       id: 1115806,
17 silly audit report       url: 'https://github.com/advisories/GHSA-r5fr-rjxr-66jc',
17 silly audit report       title: 'lodash vulnerable to Code Injection via `_.template` imports key names',
17 silly audit report       severity: 'high',
17 silly audit report       vulnerable_versions: '>=4.0.0 <=4.17.23',
17 silly audit report       cwe: [Array],
17 silly audit report       cvss: [Object]
17 silly audit report     },
17 silly audit report     {
17 silly audit report       id: 1115810,
17 silly audit report       url: 'https://github.com/advisories/GHSA-f23m-r3pf-42rh',
17 silly audit report       title: 'lodash vulnerable to Prototype Pollution via array path bypass in `_.unset` and `_.omit`',
17 silly audit report       severity: 'moderate',
17 silly audit report       vulnerable_versions: '<=4.17.23',
17 silly audit report       cwe: [Array],
17 silly audit report       cvss: [Object]
17 silly audit report     }
17 silly audit report   ],
17 silly audit report   picomatch: [
17 silly audit report     {
17 silly audit report       id: 1115551,
17 silly audit report       url: 'https://github.com/advisories/GHSA-3v7f-55p6-f55p',
17 silly audit report       title: 'Picomatch: Method Injection in POSIX Character Classes causes incorrect Glob Matching',
17 silly audit report       severity: 'moderate',
17 silly audit report       vulnerable_versions: '>=4.0.0 <4.0.4',
17 silly audit report       cwe: [Array],
17 silly audit report       cvss: [Object]
17 silly audit report     },
17 silly audit report     {
17 silly audit report       id: 1115554,
17 silly audit report       url: 'https://github.com/advisories/GHSA-c2c7-rcm5-vvqj',
17 silly audit report       title: 'Picomatch has a ReDoS vulnerability via extglob quantifiers',
17 silly audit report       severity: 'high',
17 silly audit report       vulnerable_versions: '>=4.0.0 <4.0.4',
17 silly audit report       cwe: [Array],
17 silly audit report       cvss: [Object]
17 silly audit report     }
17 silly audit report   ],
17 silly audit report   postcss: [
17 silly audit report     {
17 silly audit report       id: 1117015,
17 silly audit report       url: 'https://github.com/advisories/GHSA-qx2v-qp2m-jg93',
17 silly audit report       title: 'PostCSS has XSS via Unescaped </style> in its CSS Stringify Output',
17 silly audit report       severity: 'moderate',
17 silly audit report       vulnerable_versions: '<8.5.10',
17 silly audit report       cwe: [Array],
17 silly audit report       cvss: [Object]
17 silly audit report     }
17 silly audit report   ],
17 silly audit report   rollup: [
17 silly audit report     {
17 silly audit report       id: 1113515,
17 silly audit report       url: 'https://github.com/advisories/GHSA-mw96-cpmx-2vgc',
17 silly audit report       title: 'Rollup 4 has Arbitrary File Write via Path Traversal',
17 silly audit report       severity: 'high',
17 silly audit report       vulnerable_versions: '>=4.0.0 <4.59.0',
17 silly audit report       cwe: [Array],
17 silly audit report       cvss: [Object]
17 silly audit report     }
17 silly audit report   ],
17 silly audit report   tar: [
17 silly audit report     {
17 silly audit report       id: 1114200,
17 silly audit report       url: 'https://github.com/advisories/GHSA-qffp-2rhf-9h96',
17 silly audit report       title: 'tar has Hardlink Path Traversal via Drive-Relative Linkpath',
17 silly audit report       severity: 'high',
17 silly audit report       vulnerable_versions: '<=7.5.9',
17 silly audit report       cwe: [Array],
17 silly audit report       cvss: [Object]
17 silly audit report     },
17 silly audit report     {
17 silly audit report       id: 1114302,
17 silly audit report       url: 'https://github.com/advisories/GHSA-9ppj-qmqm-q256',
17 silly audit report       title: 'node-tar Symlink Path Traversal via Drive-Relative Linkpath',
17 silly audit report       severity: 'high',
17 silly audit report       vulnerable_versions: '<=7.5.10',
17 silly audit report       cwe: [Array],
17 silly audit report       cvss: [Object]
17 silly audit report     }
17 silly audit report   ],
17 silly audit report   vite: [
17 silly audit report     {
17 silly audit report       id: 1107324,
17 silly audit report       url: 'https://github.com/advisories/GHSA-g4jq-h2w9-997c',
17 silly audit report       title: 'Vite middleware may serve files starting with the same name with the public directory',
17 silly audit report       severity: 'low',
17 silly audit report       vulnerable_versions: '>=6.0.0 <=6.3.5',
17 silly audit report       cwe: [Array],
17 silly audit report       cvss: [Object]
17 silly audit report     },
17 silly audit report     {
17 silly audit report       id: 1107328,
17 silly audit report       url: 'https://github.com/advisories/GHSA-jqfw-vq24-v9c3',
17 silly audit report       title: "Vite's `server.fs` settings were not applied to HTML files",
17 silly audit report       severity: 'low',
17 silly audit report       vulnerable_versions: '>=6.0.0 <=6.3.5',
17 silly audit report       cwe: [Array],
17 silly audit report       cvss: [Object]
17 silly audit report     },
17 silly audit report     {
17 silly audit report       id: 1109135,
17 silly audit report       url: 'https://github.com/advisories/GHSA-93m4-6634-74q7',
17 silly audit report       title: 'vite allows server.fs.deny bypass via backslash on Windows',
17 silly audit report       severity: 'moderate',
17 silly audit report       vulnerable_versions: '>=6.0.0 <=6.4.0',
17 silly audit report       cwe: [Array],
17 silly audit report       cvss: [Object]
17 silly audit report     },
17 silly audit report     {
17 silly audit report       id: 1116229,
17 silly audit report       url: 'https://github.com/advisories/GHSA-4w7w-66w2-5vf9',
17 silly audit report       title: 'Vite Vulnerable to Path Traversal in Optimized Deps `.map` Handling',
17 silly audit report       severity: 'moderate',
17 silly audit report       vulnerable_versions: '<=6.4.1',
17 silly audit report       cwe: [Array],
17 silly audit report       cvss: [Object]
17 silly audit report     },
17 silly audit report     {
17 silly audit report       id: 1116230,
17 silly audit report       url: 'https://github.com/advisories/GHSA-4w7w-66w2-5vf9',
17 silly audit report       title: 'Vite Vulnerable to Path Traversal in Optimized Deps `.map` Handling',
17 silly audit report       severity: 'moderate',
17 silly audit report       vulnerable_versions: '>=7.0.0 <=7.3.1',
17 silly audit report       cwe: [Array],
17 silly audit report       cvss: [Object]
17 silly audit report     },
17 silly audit report     {
17 silly audit report       id: 1116232,
17 silly audit report       url: 'https://github.com/advisories/GHSA-v2wj-q39q-566r',
17 silly audit report       title: 'Vite: `server.fs.deny` bypassed with queries',
17 silly audit report       severity: 'high',
17 silly audit report       vulnerable_versions: '>=7.1.0 <=7.3.1',
17 silly audit report       cwe: [Array],
17 silly audit report       cvss: [Object]
17 silly audit report     },
17 silly audit report     {
17 silly audit report       id: 1116234,
17 silly audit report       url: 'https://github.com/advisories/GHSA-p9ff-h696-f583',
17 silly audit report       title: 'Vite Vulnerable to Arbitrary File Read via Vite Dev Server WebSocket',
17 silly audit report       severity: 'high',
17 silly audit report       vulnerable_versions: '>=6.0.0 <=6.4.1',
17 silly audit report       cwe: [Array],
17 silly audit report       cvss: [Object]
17 silly audit report     },
17 silly audit report     {
17 silly audit report       id: 1116235,
17 silly audit report       url: 'https://github.com/advisories/GHSA-p9ff-h696-f583',
17 silly audit report       title: 'Vite Vulnerable to Arbitrary File Read via Vite Dev Server WebSocket',
17 silly audit report       severity: 'high',
17 silly audit report       vulnerable_versions: '>=7.0.0 <=7.3.1',
17 silly audit report       cwe: [Array],
17 silly audit report       cvss: [Object]
17 silly audit report     }
17 silly audit report   ]
17 silly audit report }
18 silly packumentCache corgi:https://registry.npmjs.org/brace-expansion cache-miss
19 silly packumentCache corgi:https://registry.npmjs.org/yaml cache-miss
20 silly packumentCache corgi:https://registry.npmjs.org/flatted cache-miss
21 silly packumentCache corgi:https://registry.npmjs.org/lodash cache-miss
22 silly packumentCache corgi:https://registry.npmjs.org/picomatch cache-miss
23 silly packumentCache corgi:https://registry.npmjs.org/postcss cache-miss
24 silly packumentCache corgi:https://registry.npmjs.org/rollup cache-miss
25 silly packumentCache corgi:https://registry.npmjs.org/tar cache-miss
26 silly packumentCache corgi:https://registry.npmjs.org/vite cache-miss
27 http fetch GET 200 https://registry.npmjs.org/picomatch 51ms (cache revalidated)
28 silly packumentCache corgi:https://registry.npmjs.org/picomatch set size:44414 disposed:false
29 http fetch GET 200 https://registry.npmjs.org/yaml 130ms (cache revalidated)
30 silly packumentCache corgi:https://registry.npmjs.org/yaml set size:162696 disposed:false
31 http fetch GET 200 https://registry.npmjs.org/brace-expansion 131ms (cache revalidated)
32 silly packumentCache corgi:https://registry.npmjs.org/brace-expansion set size:22573 disposed:false
33 http fetch GET 200 https://registry.npmjs.org/flatted 132ms (cache revalidated)
34 silly packumentCache corgi:https://registry.npmjs.org/flatted set size:57858 disposed:false
35 http fetch GET 200 https://registry.npmjs.org/vite 133ms (cache revalidated)
36 silly packumentCache corgi:https://registry.npmjs.org/vite set size:2234939 disposed:false
37 http fetch GET 200 https://registry.npmjs.org/lodash 158ms (cache updated)
38 silly packumentCache corgi:https://registry.npmjs.org/lodash set size:undefined disposed:false
39 http fetch GET 200 https://registry.npmjs.org/tar 166ms (cache updated)
40 silly packumentCache corgi:https://registry.npmjs.org/tar set size:undefined disposed:false
41 http fetch GET 200 https://registry.npmjs.org/postcss 174ms (cache updated)
42 silly packumentCache corgi:https://registry.npmjs.org/postcss set size:undefined disposed:false
43 http fetch GET 200 https://registry.npmjs.org/rollup 244ms (cache updated)
44 silly packumentCache corgi:https://registry.npmjs.org/rollup set size:undefined disposed:false
45 silly packumentCache corgi:https://registry.npmjs.org/minimatch cache-miss
46 http fetch GET 200 https://registry.npmjs.org/minimatch 42ms (cache revalidated)
47 silly packumentCache corgi:https://registry.npmjs.org/minimatch set size:168441 disposed:false
48 silly packumentCache corgi:https://registry.npmjs.org/cosmiconfig cache-miss
49 http fetch GET 200 https://registry.npmjs.org/cosmiconfig 34ms (cache revalidated)
50 silly packumentCache corgi:https://registry.npmjs.org/cosmiconfig set size:83406 disposed:false
51 silly packumentCache corgi:https://registry.npmjs.org/flat-cache cache-miss
52 http fetch GET 200 https://registry.npmjs.org/flat-cache 33ms (cache revalidated)
53 silly packumentCache corgi:https://registry.npmjs.org/flat-cache set size:50282 disposed:false
54 silly packumentCache corgi:https://registry.npmjs.org/recharts cache-miss
55 http fetch GET 200 https://registry.npmjs.org/recharts 38ms (cache revalidated)
56 silly packumentCache corgi:https://registry.npmjs.org/recharts set size:785054 disposed:false
57 silly packumentCache corgi:https://registry.npmjs.org/fdir cache-miss
58 silly packumentCache corgi:https://registry.npmjs.org/tinyglobby cache-miss
59 silly packumentCache corgi:https://registry.npmjs.org/vitest cache-miss
60 http fetch GET 200 https://registry.npmjs.org/fdir 39ms (cache revalidated)
61 silly packumentCache corgi:https://registry.npmjs.org/fdir set size:76905 disposed:false
62 http fetch GET 200 https://registry.npmjs.org/tinyglobby 41ms (cache revalidated)
63 silly packumentCache corgi:https://registry.npmjs.org/tinyglobby set size:18884 disposed:false
64 http fetch GET 200 https://registry.npmjs.org/vitest 102ms (cache updated)
65 silly packumentCache corgi:https://registry.npmjs.org/vitest set size:undefined disposed:false
66 silly packumentCache corgi:https://registry.npmjs.org/@tailwindcss%2foxide cache-miss
67 http fetch GET 200 https://registry.npmjs.org/@tailwindcss%2foxide 132ms (cache updated)
68 silly packumentCache corgi:https://registry.npmjs.org/@tailwindcss%2foxide set size:undefined disposed:false
69 silly packumentCache corgi:https://registry.npmjs.org/@tailwindcss%2fvite cache-miss
70 silly packumentCache corgi:https://registry.npmjs.org/@vitejs%2fplugin-react cache-miss
71 http fetch GET 200 https://registry.npmjs.org/@vitejs%2fplugin-react 58ms (cache revalidated)
72 silly packumentCache corgi:https://registry.npmjs.org/@vitejs%2fplugin-react set size:112470 disposed:false
73 http fetch GET 200 https://registry.npmjs.org/@tailwindcss%2fvite 76ms (cache updated)
74 silly packumentCache corgi:https://registry.npmjs.org/@tailwindcss%2fvite set size:undefined disposed:false
75 silly packumentCache corgi:https://registry.npmjs.org/@vitest%2fmocker cache-miss
76 http fetch GET 200 https://registry.npmjs.org/@vitest%2fmocker 61ms (cache updated)
77 silly packumentCache corgi:https://registry.npmjs.org/@vitest%2fmocker set size:undefined disposed:false
78 verbose cwd /Users/prithukathet/Desktop/Lewis_University/4thSem/disaster-relief-platform/frontend
79 verbose os Darwin 24.6.0
80 verbose node v25.2.1
81 verbose npm  v11.6.2
82 verbose exit 0
83 info ok
